[islam.stackexchange.com/questions/38945/what-is-the-islamic-view-on-intersexual-people.html]
[backblue.gif]
[fade.gif]
[index.html]
[cdn.sstatic.net/Sites/islam/Img/apple-touch-iconfc4b.png]
[cdn.sstatic.net/Sites/islam/Img/apple-touch-icon@285c8.png]
[ajax.googleapis.com/ajax/libs/jquery/1.12.4/jquery.min.js]
[cdn.sstatic.net/Js/third-party/npm/@stackoverflow/stacks/dist/js/stacks.min0c47.js]
[cdn.sstatic.net/Js/stub.ena33b.js]
[cdn.sstatic.net/Shared/stacks2258.css]
[cdn.sstatic.net/Sites/islam/primary74bd.css]
[cdn.sstatic.net/Shared/Channels/channels453b.css]
[islam.stackexchange.com/questions/38945/what-is-the-islamic-view-on-intersexual-peopledb28]
[cdn.sstatic.net/Js/webpack-chunks/71.en80b9.js]
[cdn.sstatic.net/Js/webpack-chunks/8184.en142a.js]
[cdn.sstatic.net/Js/webpack-chunks/6828.en7c63.js]
[cdn.sstatic.net/Js/webpack-chunks/1685.en12b4.js]
[cdn.sstatic.net/Js/webpack-chunks/8995.end40d.js]
[cdn.sstatic.net/Js/islands/voting-prompt.endcdd.js]
[islam.stackexchange.com/questions/38945/what-is-the-islamic-view-on-intersexual-people19c0.html]
[i.stack.imgur.com/Sh7oN0746.jpg]
[cdn.cookielaw.org/scripttemplates/otSDKStub.js]
[cdn.sstatic.net/Js/modules/cookie-consent.enb113.js]
[islam.stackexchange.com/questions/38945/what-is-the-islamic-view-on-intersexual-people.html]
[cdn.sstatic.net/Shared/stacks2258.css]
[cdn.sstatic.net/Img/user-profile-sprite998c.png]
[cdn.sstatic.net/Img/share-sprite-new4a71.png]
[cdn.sstatic.net/Img/share-sprite9507.png]
[cdn.sstatic.net/Img/favicons-sprite16836a.png]
[cdn.sstatic.net/Img/favicons-sprite16-darkdaf3.png]
[cdn.sstatic.net/Img/favicons-sprite32b0f7.png]
[cdn.sstatic.net/Img/favicons-sprite32-darkcc32.png]
[cdn.sstatic.net/Img/filter-sprites9e7e.png]
[cdn.sstatic.net/Img/img-uploadd00a.png]
[cdn.sstatic.net/Img/unified/spritesaa8e.png]
[cdn.sstatic.net/Sites/islam/img/tile31a9.svg]
[cdn.sstatic.net/Img/progress-dotsa77d.gif]
[cdn.sstatic.net/Img/fatarrows8d03.png]
[cdn.sstatic.net/Sites/islam/img/header-background-imaged8fe.svg]
[cdn.sstatic.net/Sites/islam/primary74bd.css]
[cdn.sstatic.net/Shared/Channels/channels453b.css]
[islam.stackexchange.com/questions/38945/what-is-the-islamic-view-on-intersexual-peopledb28.html]
[islam.stackexchange.com/questions/38945/what-is-the-islamic-view-on-intersexual-people19c0.html]
[cdn.sstatic.net/Sites/islam/img/tile31a9.svg]
[cdn.sstatic.net/Sites/islam/img/header-background-imaged8fe.svg]
