[jamiat.org.za/what-is-the-difference-between-intersex-transgender-is-there-any-sin-on-them/index.html]
[backblue.gif]
[fade.gif]
[index.html]
[jamiat.org.za/wp-content/themes/sahifa/images/patterns/body-bg7.png]
[jamiat.org.za/wp-content/themes/sahifa/images/home@2x.png]
[jamiat.org.za/wp-content/themes/sahifa/images/home.png]
[jamiat.org.za/wp-content/themes/sahifa/images/stripe.png]
[jamiat.org.za/wp-content/uploads/2015/08/header-bk.png]
[jamiat.org.za/wp-content/images/backround.png]
[jamiat.org.za/wp-content/litespeed/css/15b2bb449518fa32f71ec7f2ff46383efb78.css]
[jamiat.org.za/wp-content/plugins/litespeed-cache/assets/js/css_async.min.js]
[jamiat.org.za/wp-content/uploads/2015/08/favicon-01.png]
[jamiat.org.za/wp-content/uploads/2016/02/jamiat-header.jpg]
[jamiat.org.za/wp-content/uploads/2015/09/stop-israeli-terrorism-e1443432233687-310x165.jpg]
[jamiat.org.za/wp-content/uploads/2017/01/stop-israeli-war-crimes-310x165.jpg]
[jamiat.org.za/wp-content/uploads/2016/05/gaza11-310x165.gif]
[jamiat.org.za/wp-content/uploads/2021/04/culture1-660x330.jpg]
[jamiat.org.za/wp-content/uploads/2017/03/pill-110x75.jpg]
[jamiat.org.za/wp-content/uploads/2017/06/tongue2-110x75.png]
[jamiat.org.za/wp-content/uploads/2020/05/Post-Ramadan-Consistency-Plan-110x75.jpg]
[jamiat.org.za/wp-content/uploads/2019/11/evil8.jpg]
[jamiat.org.za/wp-content/uploads/2016/05/INHERIT2-110x75.jpg]
[jamiat.org.za/wp-content/uploads/2019/06/shawal2-110x75.jpg]
[jamiat.org.za/wp-content/uploads/2019/01/fast-tongue-110x75.jpg]
[jamiat.org.za/wp-content/uploads/2021/04/culture1-110x75.jpg]
[jamiat.org.za/wp-content/uploads/2018/09/Success-loading-110x75.jpg]
[jamiat.org.za/wp-content/uploads/2015/08/Patience-650x433-110x75.jpg]
[jamiat.org.za/what-is-the-difference-between-intersex-transgender-is-there-any-sin-on-them/jamiat.org.za/store]
[jamiat.org.za/wp-content/uploads/2020/01/Gender-1-660x330.png]
[jamiat.org.za/wp-content/uploads/2019/11/evil8-310x165.jpg]
[jamiat.org.za/wp-content/uploads/2021/04/culture1-310x165.jpg]
[jamiat.org.za/wp-content/uploads/2018/09/Success-loading-310x165.jpg]
[jamiat.org.za/wp-content/uploads/2015/08/Patience-650x433-310x165.jpg]
[jamiat.org.za/wp-content/uploads/2017/03/pill-310x165.jpg]
[jamiat.org.za/wp-content/uploads/2021/05/online-bookstore-e1621851531840.jpg]
[jamiat.org.za/wp-content/uploads/2019/03/Ramadan_Times-300x123.jpg]
[jamiat.org.za/wp-content/uploads/2015/08/ask.png]
[jamiat.org.za/wp-content/uploads/2015/08/donate.png]
[jamiat.org.za/wp-content/uploads/2015/08/newsletter.png]
[jamiat.org.za/images/calendars.png]
[jamiat.org.za/wp-content/uploads/2015/08/posters.png]
[jamiat.org.za/wp-content/uploads/2015/08/donate-monthly.png]
[jamiat.org.za/wp-content/images/twitter.png]
[jamiat.org.za/wp-content/images/banking.png]
[jamiat.org.za/wp-content/plugins/tabs-responsive/assets/images/style-soft.png]
[jamiat.org.za/wp-content/uploads/2015/08/Golden-Fry-Advert-2.png]
[jamiat.org.za/wp-content/uploads/2015/08/Vawda-Gold-Gem-Jewellers-2.png]
[jamiat.org.za/wp-content/uploads/2015/08/zakat-calculator.png]
[jamiat.org.za/wp-content/uploads/2015/08/Woodford-2015.png]
[jamiat.org.za/wp-content/uploads/2015/01/Your-Advert-Here-300x205.jpg]
[jamiat.org.za/wp-content/uploads/2019/11/evil8-110x75.jpg]
[jamiat.org.za/wp-content/uploads/2012/06/Hilaal-moon-660x446-e1444214225477-110x75.jpg]
[jamiat.org.za/wp-content/uploads/2012/09/SIHR-110x75.jpg]
[jamiat.org.za/wp-content/uploads/2015/09/life_married-110x75.jpg]
[jamiat.org.za/wp-content/uploads/2013/07/porn4-110x75.jpg]
[jamiat.org.za/wp-content/uploads/2016/11/shower-110x75.jpg]
[jamiat.org.za/wp-content/litespeed/avatar/500e18508cc6c83b74fec784a772ad3f3a7a.jpg]
[jamiat.org.za/wp-content/images/twitter_footer.png]
[jamiat.org.za/wp-content/images/whatsapp.png]
[jamiat.org.za/wp-content/uploads/2018/07/instagram.png]
[jamiat.org.za/wp-content/uploads/2018/07/facebook.png]
[jamiat.org.za/what-is-the-difference-between-intersex-transgender-is-there-any-sin-on-them/index.html]
[jamiat.org.za/wp-content/plugins/simple-hijri-calendar/assets/img/tombol-donasi.png]
[jamiat.org.za/wp-content/plugins/simple-hijri-calendar/assets/img/pagi.png]
[jamiat.org.za/wp-content/plugins/simple-hijri-calendar/assets/img/siang.png]
[jamiat.org.za/wp-content/plugins/simple-hijri-calendar/assets/img/sore.png]
[jamiat.org.za/wp-content/plugins/simple-hijri-calendar/assets/img/malam.png]
[jamiat.org.za/wp-content/themes/sahifa/images/code-bg.png]
[jamiat.org.za/wp-content/themes/sahifa/images/stars-large@2x.png]
[jamiat.org.za/wp-content/themes/sahifa/images/stars-small@2x.png]
[jamiat.org.za/wp-content/themes/sahifa/css/ilightbox/mac-skin/preloader.gif]
[jamiat.org.za/wp-content/themes/sahifa/css/ilightbox/mac-skin/caption-bg.png]
[jamiat.org.za/wp-content/themes/sahifa/css/ilightbox/mac-skin/alert.png]
[jamiat.org.za/wp-content/themes/sahifa/css/ilightbox/mac-skin/close-25.png]
[jamiat.org.za/wp-content/themes/sahifa/css/ilightbox/mac-skin/resize-25.png]
[jamiat.org.za/wp-content/themes/sahifa/css/ilightbox/mac-skin/play-25.png]
[jamiat.org.za/wp-content/themes/sahifa/css/ilightbox/mac-skin/pause-25.png]
[jamiat.org.za/wp-content/themes/sahifa/css/ilightbox/mac-skin/resize-50.png]
[jamiat.org.za/wp-content/themes/sahifa/css/ilightbox/mac-skin/resize-ie.png]
[jamiat.org.za/wp-content/themes/sahifa/css/ilightbox/mac-skin/close-50.png]
[jamiat.org.za/wp-content/themes/sahifa/css/ilightbox/mac-skin/close-ie.png]
[jamiat.org.za/wp-content/themes/sahifa/css/ilightbox/mac-skin/forward-50.png]
[jamiat.org.za/wp-content/themes/sahifa/css/ilightbox/mac-skin/forward-ie.png]
[jamiat.org.za/wp-content/themes/sahifa/css/ilightbox/mac-skin/back-50.png]
[jamiat.org.za/wp-content/themes/sahifa/css/ilightbox/mac-skin/back-ie.png]
[jamiat.org.za/wp-content/themes/sahifa/css/ilightbox/mac-skin/play-50.png]
[jamiat.org.za/wp-content/themes/sahifa/css/ilightbox/mac-skin/play-ie.png]
[jamiat.org.za/wp-content/themes/sahifa/css/ilightbox/mac-skin/pause-50.png]
[jamiat.org.za/wp-content/themes/sahifa/css/ilightbox/mac-skin/pause-ie.png]
[jamiat.org.za/wp-content/themes/sahifa/css/ilightbox/mac-skin/thumb-overlay-play.png]
[jamiat.org.za/wp-content/themes/sahifa/css/ilightbox/mac-skin/forward-vertical-50.png]
[jamiat.org.za/wp-content/themes/sahifa/css/ilightbox/mac-skin/back-vertical-50.png]
[jamiat.org.za/wp-content/litespeed/css/15b2bb449518fa32f71ec7f2ff46383efb78.css]
[jamiat.org.za/what-is-the-difference-between-intersex-transgender-is-there-any-sin-on-them/jamiat.org.za/store.html]
