[backblue.gif]
[fade.gif]
[index.html]
[try.abtasty.com/4a5beb0972e219edcff0400029191b52.js]
[www.plannedparenthood.org/static/assets/favicons/pp-blue-apple-icon-152x152.1023ff321906.png]
[www.plannedparenthood.org/learn/gender-identity/sex-gender-identity/what-are-gender-roles-and-stereotypes.html]
[www.plannedparenthood.org/static/js/aslDatepicker.bundle.bde17e4e6e65.js]
[connect.facebook.net/en_US/sdk.js]
[www.plannedparenthood.org/static/js/learnPagesMinimal.bundle.0ed94363c878.js]
[www.plannedparenthood.org/learn/gender-identity/sex-gender-identity/whats-intersex.html]
[www.plannedparenthood.org/static/css/learn_pages_minimal.2f3cff178aa9.css]
[www.plannedparenthood.org/static/assets/img/ajax-loader.c5cd7f530057.gif]
[fast.fonts.net/cssapi/cb6b236d-f129-416d-8196-4f29ffe0c887.css]
[www.plannedparenthood.org/learn/gender-identity/sex-gender-identity/what-are-gender-roles-and-stereotypes.html]
[connect.facebook.net/en_US/sdk.js]
[ppfa.plannedparenthood.org/gtm5445.html]
[fast.fonts.net/t/1ed34.css]
