[www.islamweb.net/en/fatwa/461431/rulings-on-an-hermaphrodite-intersex-individual.html]
[backblue.gif]
[fade.gif]
[index.html]
[www.islamweb.net/contentver3/img/favicon.png]
[www.islamweb.net/contentver3/css/font-awesome.min7839.css]
[www.islamweb.net/contentver3/css/animate.css]
[www.islamweb.net/contentver3/css/lang/style2048.css]
[www.islamweb.net/contentver3/css/lang/style-lang.css]
[www.islamweb.net/contentver3/css/lang/bootstrap.css]
[www.islamweb.net/contentver3/css/lang/responsivee67d.css]
[www.islamweb.net/contentver3/css/lang/responsive-lang.css]
[www.islamweb.net/contentver3/css/lang/style2.css]
[www.islamweb.net/contentver3/js/jquery-1.11.0.min.js]
[www.islamweb.net/contentver3/js/jquery-easing-1.3.js]
[www.islamweb.net/contentver3/js/wow.js]
[www.islamweb.net/contentver3/js/popper.min.js]
[www.islamweb.net/contentver3/js/bootstrap.min.js]
[www.islamweb.net/contentver3/js/main.js]
[www.islamweb.net/contentver3/lib/jquery-ui/jquery-ui.min.js]
[www.islamweb.net/contentver3/lib/jquery-ui/jquery-ui.min.css]
[www.islamweb.net/contentver3/lib/owl.carousel/owl.carousel.min.js]
[www.islamweb.net/contentver3/lib/owl.carousel/owl.carousel.css]
[www.islamweb.net/contentver3/lib/fancybox-3/jquery.fancybox.minb830.js]
[www.islamweb.net/contentver3/lib/fancybox-3/jquery.fancybox.min.css]
[www.islamweb.net/en/js/ajax.js]
[www.islamweb.net/en/css/style2e67d.css]
[www.islamweb.net/contentver3/img/logo_en.png]
[www.islamweb.net/en/images/logo-tblue.png]
[www.islamweb.net/javascripts/ratings-v2/css/style.css]
[www.islamweb.net/javascripts/libs/js-cookie.js]
[www.islamweb.net/javascripts/ratings-v2/javascripts/plugin.rating.js]
[www.islamweb.net/ver2/Archive/images/icon--1.gif]
[www.islamweb.net/content/img/ico-fatawi.png]
[www.islamweb.net/contentver3/img/ico-35.png]
[www.islamweb.net/en/images/logo-takalam.png]
[www.islamweb.net/contentver3/img/footlogo_en.png]
[www.islamweb.net/contentver3/img/footawqaf.png]
[www.islamweb.net/contentver3/img/googleplay2.png]
[www.islamweb.net/contentver3/img/appstore2.png]
[www.islamweb.net/contentver3/img/foot-ico-logo3.png]
[www.islamweb.net/contentver3/img/foot-ico-logo2.png]
[www.islamweb.net/contentver3/img/foot-ico-logo1.png]
[www.islamweb.net/en/fatwa/461431/rulings-on-an-hermaphrodite-intersex-individual.html]
[www.islamweb.net/contentver3/css/font-awesome.min7839.css]
[www.islamweb.net/contentver3/css/animate.css]
[www.islamweb.net/contentver3/css/font-awesome.min.css]
[www.islamweb.net/contentver3/img/tophead.png]
[www.islamweb.net/contentver3/img/head.png]
[www.islamweb.net/contentver3/img/menuhover.png]
[www.islamweb.net/contentver3/img/tabsbg.png]
[www.islamweb.net/contentver3/img/tabbg.png]
[www.islamweb.net/contentver3/img/ico-63.png]
[www.islamweb.net/contentver3/img/inheritance.png]
[www.islamweb.net/contentver3/img/islam-bg.png]
[www.islamweb.net/contentver3/img/islam-bg2.png]
[www.islamweb.net/contentver3/img/hajj-bg2.png]
[www.islamweb.net/contentver3/img/islam-bg3.png]
[www.islamweb.net/contentver3/img/hajj.png]
[www.islamweb.net/contentver3/css/lang/style2048.css]
[www.islamweb.net/contentver3/img/inheritance-en.png]
[www.islamweb.net/contentver3/img/islam-bg22_2.jpg]
[www.islamweb.net/contentver3/img/hajj-bg3.png]
[www.islamweb.net/contentver3/css/lang/style-lang.css]
[www.islamweb.net/contentver3/css/lang/bootstrap.css]
[www.islamweb.net/contentver3/img/bg-pattern1.png]
[www.islamweb.net/contentver3/img/bg-pattern.png]
[www.islamweb.net/contentver3/css/lang/responsivee67d.css]
[www.islamweb.net/contentver3/css/lang/responsive-lang.css]
[www.islamweb.net/contentver3/css/lang/style2.css]
[www.islamweb.net/contentver3/lib/jquery-ui/jquery-ui.min.css]
[www.islamweb.net/contentver3/lib/owl.carousel/owl.video.play.png]
[www.islamweb.net/contentver3/lib/owl.carousel/owl.carousel.css]
[www.islamweb.net/contentver3/lib/fancybox-3/jquery.fancybox.min.css]
[www.islamweb.net/en/css/style2e67d.css]
[www.islamweb.net/javascripts/ratings-v2/css/style.css]
[www.islamweb.net/contentver3/css/font-awesome.min.css]
[www.islamweb.net/contentver3/lib/owl.carousel/owl.video.play.html]
[www.islamweb.net/javascripts/ratings-v2/css/font-awesome.min.css]
[www.islamweb.net/javascripts/ratings-v2/css/font-awesome.min.css]
